================================================================================
HPLinpack 2.3  --  High-Performance Linpack benchmark  --   December 2, 2018
Written by A. Petitet and R. Clint Whaley,  Innovative Computing Laboratory, UTK
Modified by Piotr Luszczek, Innovative Computing Laboratory, UTK
Modified by Julien Langou, University of Colorado Denver
================================================================================

An explanation of the input/output parameters follows:
T/V    : Wall time / encoded variant.
N      : The order of the coefficient matrix A.
NB     : The partitioning blocking factor.
P      : The number of process rows.
Q      : The number of process columns.
Time   : Time in seconds to solve the linear system.
Gflops : Rate of execution for solving the linear system.

The following parameter values will be used:

N      :   34000 
NB     :      64 
PMAP   : Row-major process mapping
P      :       2 
Q      :      14 
PFACT  :    Left    Crout    Right 
NBMIN  :       4 
NDIV   :       2 
RFACT  :    Left    Crout    Right 
BCAST  :   1ring   1ringM    2ring   2ringM    Blong   BlongM 
DEPTH  :       0        1        2 
SWAP   : Spread-roll (long)
L1     : transposed form
U      : no-transposed form
EQUIL  : yes
ALIGN  : 8 double precision words

--------------------------------------------------------------------------------

- The matrix A is randomly generated for each test.
- The following scaled residual check will be computed:
      ||Ax-b||_oo / ( eps * ( || x ||_oo * || A ||_oo + || b ||_oo ) * N )
- The relative machine precision (eps) is taken to be               1.110223e-16
- Computational tests pass if scaled residuals are less than                32.0

================================================================================
T/V                N    NB     P     Q               Time                 Gflops
--------------------------------------------------------------------------------
WR00L2L4       34000    64     2    14            1041.64             2.5157e+01
HPL_pdgesv() start time Mon Nov  3 09:23:08 2025

HPL_pdgesv() end time   Mon Nov  3 09:40:30 2025

--------------------------------------------------------------------------------
||Ax-b||_oo/(eps*(||A||_oo*||x||_oo+||b||_oo)*N)=   2.73617332e-03 ...... PASSED
================================================================================
T/V                N    NB     P     Q               Time                 Gflops
--------------------------------------------------------------------------------
WR00L2C4       34000    64     2    14            1047.09             2.5026e+01
HPL_pdgesv() start time Mon Nov  3 09:40:39 2025

HPL_pdgesv() end time   Mon Nov  3 09:58:07 2025

--------------------------------------------------------------------------------
||Ax-b||_oo/(eps*(||A||_oo*||x||_oo+||b||_oo)*N)=   1.93849251e-03 ...... PASSED
================================================================================
T/V                N    NB     P     Q               Time                 Gflops
--------------------------------------------------------------------------------
WR00L2R4       34000    64     2    14            1043.05             2.5123e+01
HPL_pdgesv() start time Mon Nov  3 09:58:16 2025

HPL_pdgesv() end time   Mon Nov  3 10:15:39 2025

--------------------------------------------------------------------------------
||Ax-b||_oo/(eps*(||A||_oo*||x||_oo+||b||_oo)*N)=   2.27181547e-02 ...... PASSED
================================================================================
T/V                N    NB     P     Q               Time                 Gflops
--------------------------------------------------------------------------------
WR00C2L4       34000    64     2    14            1045.79             2.5057e+01
HPL_pdgesv() start time Mon Nov  3 10:15:48 2025

HPL_pdgesv() end time   Mon Nov  3 10:33:14 2025

--------------------------------------------------------------------------------
||Ax-b||_oo/(eps*(||A||_oo*||x||_oo+||b||_oo)*N)=   2.73617332e-03 ...... PASSED
================================================================================
T/V                N    NB     P     Q               Time                 Gflops
--------------------------------------------------------------------------------
WR00C2C4       34000    64     2    14            1045.53             2.5063e+01
HPL_pdgesv() start time Mon Nov  3 10:33:24 2025

HPL_pdgesv() end time   Mon Nov  3 10:50:49 2025

--------------------------------------------------------------------------------
||Ax-b||_oo/(eps*(||A||_oo*||x||_oo+||b||_oo)*N)=   2.10184730e-03 ...... PASSED
================================================================================
T/V                N    NB     P     Q               Time                 Gflops
--------------------------------------------------------------------------------
WR00C2R4       34000    64     2    14            1039.57             2.5207e+01
HPL_pdgesv() start time Mon Nov  3 10:50:59 2025

HPL_pdgesv() end time   Mon Nov  3 11:08:18 2025

--------------------------------------------------------------------------------
||Ax-b||_oo/(eps*(||A||_oo*||x||_oo+||b||_oo)*N)=   1.93849251e-03 ...... PASSED
================================================================================
T/V                N    NB     P     Q               Time                 Gflops
--------------------------------------------------------------------------------
WR00R2L4       34000    64     2    14            1053.28             2.4879e+01
HPL_pdgesv() start time Mon Nov  3 11:08:28 2025

HPL_pdgesv() end time   Mon Nov  3 11:26:02 2025

--------------------------------------------------------------------------------
||Ax-b||_oo/(eps*(||A||_oo*||x||_oo+||b||_oo)*N)=   2.73617332e-03 ...... PASSED
================================================================================
T/V                N    NB     P     Q               Time                 Gflops
--------------------------------------------------------------------------------
WR00R2C4       34000    64     2    14            1046.51             2.5040e+01
HPL_pdgesv() start time Mon Nov  3 11:26:11 2025

HPL_pdgesv() end time   Mon Nov  3 11:43:38 2025

--------------------------------------------------------------------------------
||Ax-b||_oo/(eps*(||A||_oo*||x||_oo+||b||_oo)*N)=   5.21403197e+01 ...... FAILED
||Ax-b||_oo  . . . . . . . . . . . . . . . . . =           0.000019
||A||_oo . . . . . . . . . . . . . . . . . . . =        8639.909094
||A||_1  . . . . . . . . . . . . . . . . . . . =        8620.032725
||x||_oo . . . . . . . . . . . . . . . . . . . =          11.171061
||x||_1  . . . . . . . . . . . . . . . . . . . =       70704.953289
||b||_oo . . . . . . . . . . . . . . . . . . . =           0.499994
================================================================================
T/V                N    NB     P     Q               Time                 Gflops
--------------------------------------------------------------------------------
WR00R2R4       34000    64     2    14            1035.44             2.5308e+01
HPL_pdgesv() start time Mon Nov  3 11:43:47 2025

HPL_pdgesv() end time   Mon Nov  3 12:01:03 2025

--------------------------------------------------------------------------------
||Ax-b||_oo/(eps*(||A||_oo*||x||_oo+||b||_oo)*N)=   1.93849251e-03 ...... PASSED
================================================================================
T/V                N    NB     P     Q               Time                 Gflops
--------------------------------------------------------------------------------
WR01L2L4       34000    64     2    14            1081.50             2.4230e+01
HPL_pdgesv() start time Mon Nov  3 12:01:12 2025

HPL_pdgesv() end time   Mon Nov  3 12:19:14 2025

--------------------------------------------------------------------------------
||Ax-b||_oo/(eps*(||A||_oo*||x||_oo+||b||_oo)*N)=   1.36754337e+00 ...... PASSED
================================================================================
T/V                N    NB     P     Q               Time                 Gflops
--------------------------------------------------------------------------------
WR01L2C4       34000    64     2    14            1083.53             2.4184e+01
HPL_pdgesv() start time Mon Nov  3 12:19:23 2025

HPL_pdgesv() end time   Mon Nov  3 12:37:27 2025

--------------------------------------------------------------------------------
||Ax-b||_oo/(eps*(||A||_oo*||x||_oo+||b||_oo)*N)=   1.93849251e-03 ...... PASSED
================================================================================
T/V                N    NB     P     Q               Time                 Gflops
--------------------------------------------------------------------------------
WR01L2R4       34000    64     2    14            1072.51             2.4433e+01
HPL_pdgesv() start time Mon Nov  3 12:37:37 2025

HPL_pdgesv() end time   Mon Nov  3 12:55:29 2025

--------------------------------------------------------------------------------
||Ax-b||_oo/(eps*(||A||_oo*||x||_oo+||b||_oo)*N)=   7.27957829e+05 ...... FAILED
||Ax-b||_oo  . . . . . . . . . . . . . . . . . =           0.262611
||A||_oo . . . . . . . . . . . . . . . . . . . =        8639.909094
||A||_1  . . . . . . . . . . . . . . . . . . . =        8620.032725
||x||_oo . . . . . . . . . . . . . . . . . . . =          11.061294
||x||_1  . . . . . . . . . . . . . . . . . . . =       69990.099902
||b||_oo . . . . . . . . . . . . . . . . . . . =           0.499994
================================================================================
T/V                N    NB     P     Q               Time                 Gflops
--------------------------------------------------------------------------------
WR01C2L4       34000    64     2    14            1082.12             2.4216e+01
HPL_pdgesv() start time Mon Nov  3 12:55:39 2025

HPL_pdgesv() end time   Mon Nov  3 13:13:41 2025

--------------------------------------------------------------------------------
||Ax-b||_oo/(eps*(||A||_oo*||x||_oo+||b||_oo)*N)=   1.29110914e+06 ...... FAILED
||Ax-b||_oo  . . . . . . . . . . . . . . . . . =           0.461006
||A||_oo . . . . . . . . . . . . . . . . . . . =        8639.909094
||A||_1  . . . . . . . . . . . . . . . . . . . =        8620.032725
||x||_oo . . . . . . . . . . . . . . . . . . . =          10.948206
||x||_1  . . . . . . . . . . . . . . . . . . . =       69278.199340
||b||_oo . . . . . . . . . . . . . . . . . . . =           0.499994
================================================================================
T/V                N    NB     P     Q               Time                 Gflops
--------------------------------------------------------------------------------
WR01C2C4       34000    64     2    14            1081.69             2.4225e+01
HPL_pdgesv() start time Mon Nov  3 13:13:51 2025

HPL_pdgesv() end time   Mon Nov  3 13:31:52 2025

--------------------------------------------------------------------------------
||Ax-b||_oo/(eps*(||A||_oo*||x||_oo+||b||_oo)*N)=   3.10087421e-03 ...... PASSED
================================================================================
T/V                N    NB     P     Q               Time                 Gflops
--------------------------------------------------------------------------------
WR01C2R4       34000    64     2    14            1087.94             2.4086e+01
HPL_pdgesv() start time Mon Nov  3 13:32:02 2025

HPL_pdgesv() end time   Mon Nov  3 13:50:10 2025

--------------------------------------------------------------------------------
||Ax-b||_oo/(eps*(||A||_oo*||x||_oo+||b||_oo)*N)=   1.93849251e-03 ...... PASSED
